// Jest Snapshot v1, https://goo.gl/fbAQLP

exports[`Initial State matches the current configuration 1`] = `
Object {
  "regions": Object {
    "oakland": Object {
      "geojson": Object {
        "markers": Object {},
        "osm": Object {},
        "searches": Object {},
      },
      "geospatial": Object {
        "bounds": Array [
          -122.720306,
          37.005783,
          -121.568275,
          38.44466,
        ],
      },
      "gtfs": Object {
        "calendar": Array [
          Object {
            "days": Array [
              "everyday",
            ],
            "endDate": undefined,
            "id": "yearlong_everyday",
            "label": "Everyday Yearlong",
            "seasons": Array [
              "yearlong",
            ],
            "startDate": undefined,
          },
          Object {
            "days": Array [
              "weekend",
            ],
            "endDate": null,
            "id": "yearlong_weekend",
            "label": "Weekend Yearlong",
            "seasons": Array [
              "yearlong",
            ],
            "startDate": null,
          },
        ],
        "routeTypes": Array [
          Object {
            "description": "Inter Regional Rail Service",
            "id": "103",
            "supported": true,
          },
        ],
        "routes": Array [
          Object {
            "id": "SFC<->REN",
            "places": Object {
              "from": Object {
                "id": "SFC",
                "label": "San Francisco",
              },
              "to": Object {
                "id": "REN",
                "label": "Reno",
              },
            },
            "routeLongName": "San Francisco/Reno",
            "routeShortName": "SFC<->REN",
            "routeType": undefined,
            "via": undefined,
          },
          Object {
            "id": "SFC<->REN",
            "places": Object {
              "from": Object {
                "id": "SFC",
                "label": "San Francisco",
              },
              "to": Object {
                "id": "REN",
                "label": "Reno",
              },
            },
            "routeLongName": "San Francisco/Reno",
            "routeShortName": "SFC<->REN",
            "routeType": undefined,
            "via": undefined,
          },
          Object {
            "id": "SFC<->LAX",
            "places": Object {
              "from": Object {
                "id": "SFC",
                "label": "San Francisco",
              },
              "to": Object {
                "id": "LAX",
                "label": "Los Angeles",
              },
            },
            "routeLongName": "San Francisco/Los Angeles",
            "routeShortName": "SFC<->LAX",
            "routeType": undefined,
            "via": undefined,
          },
        ],
        "stops": Array [
          Object {
            "id": "LAX-Union",
            "location": Object {
              "lat": 34.056219,
              "lon": -118.236502,
            },
            "place": Object {
              "id": "LAX",
              "label": "Los Angeles",
            },
            "stopName": "Los Angeles Union Station",
            "which": "Union",
          },
          Object {
            "id": "OAK-Central",
            "location": Object {
              "lat": 37.806624,
              "lon": -122.277158,
            },
            "place": Object {
              "id": "OAK",
              "label": "Oakland",
            },
            "stopName": "Oakland Central Station",
            "which": "Central",
          },
          Object {
            "id": "OAK-Jack London Square",
            "location": Object {
              "lat": 37.793814,
              "lon": -122.271522,
            },
            "place": Object {
              "id": "OAK",
              "label": "Oakland",
            },
            "stopName": "Oakland Jack London Square Station",
            "which": "Jack London Square",
          },
          Object {
            "id": "PLS-ACE",
            "location": Object {
              "lat": 37.70165,
              "lon": -121.899181,
            },
            "place": Object {
              "id": "PLS",
              "label": "Pleasanton",
            },
            "stopName": "Pleasanton ACE Station",
            "which": "ACE",
          },
          Object {
            "id": "REN-Amtrak",
            "location": Object {
              "lat": 38.243449,
              "lon": -122.041192,
            },
            "place": Object {
              "id": "REN",
              "label": "Reno",
            },
            "stopName": "Reno Amtrak Station",
            "which": "Amtrak",
          },
          Object {
            "id": "SAC-Union",
            "location": Object {
              "lat": 38.584162,
              "lon": -121.500675,
            },
            "place": Object {
              "id": "SAC",
              "label": "Sacramento",
            },
            "stopName": "Sacramento Union Station",
            "which": "Union",
          },
          Object {
            "id": "SFC-Transbay",
            "location": Object {
              "lat": 37.789339,
              "lon": -122.392481,
            },
            "place": Object {
              "id": "SFC",
              "label": "San Francisco",
            },
            "stopName": "San Francisco Transbay Terminal",
            "which": "Transbay",
          },
          Object {
            "id": "SKN-Amtrak",
            "location": Object {
              "lat": 37.945332,
              "lon": -121.285602,
            },
            "place": Object {
              "id": "SKN",
              "label": "Stockton",
            },
            "stopName": "Stockton Amtrak Station",
            "which": "Amtrak",
          },
          Object {
            "id": "SUI-Amtrak",
            "location": Object {
              "lat": 38.243449,
              "lon": -122.041192,
            },
            "place": Object {
              "id": "SUI",
              "label": "Suison-Fairfield",
            },
            "stopName": "Suison-Fairfield Amtrak Station",
            "which": "Amtrak",
          },
          Object {
            "id": "TRU-Amtrak",
            "location": Object {
              "lat": 39.327493,
              "lon": -120.18562,
            },
            "place": Object {
              "id": "TRU",
              "label": "Truckee",
            },
            "stopName": "Truckee Amtrak Depot",
            "which": "Amtrak",
          },
        ],
        "trips": Array [
          Object {
            "direction": Object {
              "id": "0",
              "resolveToStop": [Function],
              "resolveTripSymbol": [Function],
            },
            "id": "SFC->REN Everyday Yearlong",
            "route": Object {
              "id": "SFC<->REN",
              "places": Object {
                "from": Object {
                  "id": "SFC",
                  "label": "San Francisco",
                },
                "to": Object {
                  "id": "REN",
                  "label": "Reno",
                },
              },
              "routeLongName": "San Francisco/Reno",
              "routeShortName": "SFC<->REN",
              "routeType": undefined,
              "via": undefined,
            },
            "service": Object {
              "days": Array [
                "everyday",
              ],
              "endDate": undefined,
              "id": "yearlong_everyday",
              "label": "Everyday Yearlong",
              "seasons": Array [
                "yearlong",
              ],
              "startDate": undefined,
            },
            "stopTimes":  {},
            "tripHeadsign": "Reno",
          },
          Object {
            "direction": Object {
              "id": "1",
              "resolveToStop": [Function],
              "resolveTripSymbol": [Function],
            },
            "id": "REN->SFC Everyday Yearlong",
            "route": Object {
              "id": "SFC<->REN",
              "places": Object {
                "from": Object {
                  "id": "SFC",
                  "label": "San Francisco",
                },
                "to": Object {
                  "id": "REN",
                  "label": "Reno",
                },
              },
              "routeLongName": "San Francisco/Reno",
              "routeShortName": "SFC<->REN",
              "routeType": undefined,
              "via": undefined,
            },
            "service": Object {
              "days": Array [
                "everyday",
              ],
              "endDate": undefined,
              "id": "yearlong_everyday",
              "label": "Everyday Yearlong",
              "seasons": Array [
                "yearlong",
              ],
              "startDate": undefined,
            },
            "stopTimes":  {},
            "tripHeadsign": "San Francisco",
          },
          Object {
            "direction": Object {
              "id": "0",
              "resolveToStop": [Function],
              "resolveTripSymbol": [Function],
            },
            "id": "SFC->REN Everyday Yearlong",
            "route": Object {
              "id": "SFC<->REN",
              "places": Object {
                "from": Object {
                  "id": "SFC",
                  "label": "San Francisco",
                },
                "to": Object {
                  "id": "REN",
                  "label": "Reno",
                },
              },
              "routeLongName": "San Francisco/Reno",
              "routeShortName": "SFC<->REN",
              "routeType": undefined,
              "via": undefined,
            },
            "service": Object {
              "days": Array [
                "everyday",
              ],
              "endDate": undefined,
              "id": "yearlong_everyday",
              "label": "Everyday Yearlong",
              "seasons": Array [
                "yearlong",
              ],
              "startDate": undefined,
            },
            "stopTimes":  {},
            "tripHeadsign": "Reno",
          },
          Object {
            "direction": Object {
              "id": "1",
              "resolveToStop": [Function],
              "resolveTripSymbol": [Function],
            },
            "id": "REN->SFC Everyday Yearlong",
            "route": Object {
              "id": "SFC<->REN",
              "places": Object {
                "from": Object {
                  "id": "SFC",
                  "label": "San Francisco",
                },
                "to": Object {
                  "id": "REN",
                  "label": "Reno",
                },
              },
              "routeLongName": "San Francisco/Reno",
              "routeShortName": "SFC<->REN",
              "routeType": undefined,
              "via": undefined,
            },
            "service": Object {
              "days": Array [
                "everyday",
              ],
              "endDate": undefined,
              "id": "yearlong_everyday",
              "label": "Everyday Yearlong",
              "seasons": Array [
                "yearlong",
              ],
              "startDate": undefined,
            },
            "stopTimes":  {},
            "tripHeadsign": "San Francisco",
          },
        ],
      },
      "id": "oakland",
      "mapbox": Object {
        "iconAtlas": "data/location-icon-atlas.png",
        "mapStyle": "mapbox://styles/mapbox/streets-v8",
        "mapboxApiAccessToken": "pk.eyJ1IjoiY2Fsb2NhbiIsImEiOiJjaXl1aXkxZjkwMG15MndxbmkxMHczNG50In0.07Zu3XXYijL6GJMuxFtvQg",
        "showCluster": "true",
        "viewport": Immutable.Map {
          "pitch": 40,
          "bearing": 0,
          "startDragLngLat": null,
          "isDragging": false,
          "latitude": 37,
          "longitude": -119,
          "zoom": 5,
        },
      },
      "travel": Object {
        "journeys": Object {
          "current": "1487635143780",
          "entries": Object {
            "journeys": Array [
              Object {
                "label": "Trip from Oakland To Truckee via Stockton",
                "locations": Object {
                  "localEnd": "1487636978561",
                  "localStart": "1487636046449",
                  "stopEnd": "1487636659567",
                  "stopStart": "1487636365510",
                  "wayPoints": Array [
                    "1487636173160",
                  ],
                },
                "route": "1487637354681",
              },
              Object {
                "label": "Trip from San Francisco to Los Angeles",
                "locations": Object {
                  "stopEnd": "1487639102048",
                  "stopStart": "1487638573082",
                },
                "route": "1487637354681",
              },
            ],
          },
          "history": Array [
            "1487635143780",
          ],
        },
        "locations": Array [
          Object {
            "label": "Near Home",
            "point": Object {
              "lat": 37.808706,
              "lon": -122.260369,
            },
            "resolvedAddress": "699 Bellevue Ave, Oakland, CA 94610",
            "searchTerm": "Children's Fairyland",
          },
          Object {
            "label": "Skiing",
            "point": Object {
              "lat": 39.274839,
              "lon": -120.120605,
            },
            "resolvedAddress": "Northstar California Resort, Northstar Drive, Truckee, CA",
            "searchTerm": "Northstar Resort",
          },
        ],
      },
    },
    "paris": Object {
      "geojson": Object {
        "markers": Object {},
        "osm": Object {},
        "searches": Object {},
      },
      "geospatial": Object {
        "bounds": Array [
          -122.720306,
          37.005783,
          -121.568275,
          38.44466,
        ],
      },
      "gtfs": Object {
        "calendar": Array [
          Object {
            "days": Array [
              "everyday",
            ],
            "endDate": undefined,
            "id": "yearlong_everyday",
            "label": "Everyday Yearlong",
            "seasons": Array [
              "yearlong",
            ],
            "startDate": undefined,
          },
          Object {
            "days": Array [
              "weekend",
            ],
            "endDate": null,
            "id": "yearlong_weekend",
            "label": "Weekend Yearlong",
            "seasons": Array [
              "yearlong",
            ],
            "startDate": null,
          },
        ],
        "routeTypes": Array [
          Object {
            "description": "Inter Regional Rail Service",
            "id": "103",
            "supported": true,
          },
        ],
        "routes": Array [
          Object {
            "id": "SFC<->REN",
            "places": Object {
              "from": Object {
                "id": "SFC",
                "label": "San Francisco",
              },
              "to": Object {
                "id": "REN",
                "label": "Reno",
              },
            },
            "routeLongName": "San Francisco/Reno",
            "routeShortName": "SFC<->REN",
            "routeType": undefined,
            "via": undefined,
          },
          Object {
            "id": "SFC<->REN",
            "places": Object {
              "from": Object {
                "id": "SFC",
                "label": "San Francisco",
              },
              "to": Object {
                "id": "REN",
                "label": "Reno",
              },
            },
            "routeLongName": "San Francisco/Reno",
            "routeShortName": "SFC<->REN",
            "routeType": undefined,
            "via": undefined,
          },
          Object {
            "id": "SFC<->LAX",
            "places": Object {
              "from": Object {
                "id": "SFC",
                "label": "San Francisco",
              },
              "to": Object {
                "id": "LAX",
                "label": "Los Angeles",
              },
            },
            "routeLongName": "San Francisco/Los Angeles",
            "routeShortName": "SFC<->LAX",
            "routeType": undefined,
            "via": undefined,
          },
        ],
        "stops": Array [
          Object {
            "id": "LAX-Union",
            "location": Object {
              "lat": 34.056219,
              "lon": -118.236502,
            },
            "place": Object {
              "id": "LAX",
              "label": "Los Angeles",
            },
            "stopName": "Los Angeles Union Station",
            "which": "Union",
          },
          Object {
            "id": "OAK-Central",
            "location": Object {
              "lat": 37.806624,
              "lon": -122.277158,
            },
            "place": Object {
              "id": "OAK",
              "label": "Oakland",
            },
            "stopName": "Oakland Central Station",
            "which": "Central",
          },
          Object {
            "id": "OAK-Jack London Square",
            "location": Object {
              "lat": 37.793814,
              "lon": -122.271522,
            },
            "place": Object {
              "id": "OAK",
              "label": "Oakland",
            },
            "stopName": "Oakland Jack London Square Station",
            "which": "Jack London Square",
          },
          Object {
            "id": "PLS-ACE",
            "location": Object {
              "lat": 37.70165,
              "lon": -121.899181,
            },
            "place": Object {
              "id": "PLS",
              "label": "Pleasanton",
            },
            "stopName": "Pleasanton ACE Station",
            "which": "ACE",
          },
          Object {
            "id": "REN-Amtrak",
            "location": Object {
              "lat": 38.243449,
              "lon": -122.041192,
            },
            "place": Object {
              "id": "REN",
              "label": "Reno",
            },
            "stopName": "Reno Amtrak Station",
            "which": "Amtrak",
          },
          Object {
            "id": "SAC-Union",
            "location": Object {
              "lat": 38.584162,
              "lon": -121.500675,
            },
            "place": Object {
              "id": "SAC",
              "label": "Sacramento",
            },
            "stopName": "Sacramento Union Station",
            "which": "Union",
          },
          Object {
            "id": "SFC-Transbay",
            "location": Object {
              "lat": 37.789339,
              "lon": -122.392481,
            },
            "place": Object {
              "id": "SFC",
              "label": "San Francisco",
            },
            "stopName": "San Francisco Transbay Terminal",
            "which": "Transbay",
          },
          Object {
            "id": "SKN-Amtrak",
            "location": Object {
              "lat": 37.945332,
              "lon": -121.285602,
            },
            "place": Object {
              "id": "SKN",
              "label": "Stockton",
            },
            "stopName": "Stockton Amtrak Station",
            "which": "Amtrak",
          },
          Object {
            "id": "SUI-Amtrak",
            "location": Object {
              "lat": 38.243449,
              "lon": -122.041192,
            },
            "place": Object {
              "id": "SUI",
              "label": "Suison-Fairfield",
            },
            "stopName": "Suison-Fairfield Amtrak Station",
            "which": "Amtrak",
          },
          Object {
            "id": "TRU-Amtrak",
            "location": Object {
              "lat": 39.327493,
              "lon": -120.18562,
            },
            "place": Object {
              "id": "TRU",
              "label": "Truckee",
            },
            "stopName": "Truckee Amtrak Depot",
            "which": "Amtrak",
          },
        ],
        "trips": Array [
          Object {
            "direction": Object {
              "id": "0",
              "resolveToStop": [Function],
              "resolveTripSymbol": [Function],
            },
            "id": "SFC->REN Everyday Yearlong",
            "route": Object {
              "id": "SFC<->REN",
              "places": Object {
                "from": Object {
                  "id": "SFC",
                  "label": "San Francisco",
                },
                "to": Object {
                  "id": "REN",
                  "label": "Reno",
                },
              },
              "routeLongName": "San Francisco/Reno",
              "routeShortName": "SFC<->REN",
              "routeType": undefined,
              "via": undefined,
            },
            "service": Object {
              "days": Array [
                "everyday",
              ],
              "endDate": undefined,
              "id": "yearlong_everyday",
              "label": "Everyday Yearlong",
              "seasons": Array [
                "yearlong",
              ],
              "startDate": undefined,
            },
            "stopTimes":  {},
            "tripHeadsign": "Reno",
          },
          Object {
            "direction": Object {
              "id": "1",
              "resolveToStop": [Function],
              "resolveTripSymbol": [Function],
            },
            "id": "REN->SFC Everyday Yearlong",
            "route": Object {
              "id": "SFC<->REN",
              "places": Object {
                "from": Object {
                  "id": "SFC",
                  "label": "San Francisco",
                },
                "to": Object {
                  "id": "REN",
                  "label": "Reno",
                },
              },
              "routeLongName": "San Francisco/Reno",
              "routeShortName": "SFC<->REN",
              "routeType": undefined,
              "via": undefined,
            },
            "service": Object {
              "days": Array [
                "everyday",
              ],
              "endDate": undefined,
              "id": "yearlong_everyday",
              "label": "Everyday Yearlong",
              "seasons": Array [
                "yearlong",
              ],
              "startDate": undefined,
            },
            "stopTimes":  {},
            "tripHeadsign": "San Francisco",
          },
          Object {
            "direction": Object {
              "id": "0",
              "resolveToStop": [Function],
              "resolveTripSymbol": [Function],
            },
            "id": "SFC->REN Everyday Yearlong",
            "route": Object {
              "id": "SFC<->REN",
              "places": Object {
                "from": Object {
                  "id": "SFC",
                  "label": "San Francisco",
                },
                "to": Object {
                  "id": "REN",
                  "label": "Reno",
                },
              },
              "routeLongName": "San Francisco/Reno",
              "routeShortName": "SFC<->REN",
              "routeType": undefined,
              "via": undefined,
            },
            "service": Object {
              "days": Array [
                "everyday",
              ],
              "endDate": undefined,
              "id": "yearlong_everyday",
              "label": "Everyday Yearlong",
              "seasons": Array [
                "yearlong",
              ],
              "startDate": undefined,
            },
            "stopTimes":  {},
            "tripHeadsign": "Reno",
          },
          Object {
            "direction": Object {
              "id": "1",
              "resolveToStop": [Function],
              "resolveTripSymbol": [Function],
            },
            "id": "REN->SFC Everyday Yearlong",
            "route": Object {
              "id": "SFC<->REN",
              "places": Object {
                "from": Object {
                  "id": "SFC",
                  "label": "San Francisco",
                },
                "to": Object {
                  "id": "REN",
                  "label": "Reno",
                },
              },
              "routeLongName": "San Francisco/Reno",
              "routeShortName": "SFC<->REN",
              "routeType": undefined,
              "via": undefined,
            },
            "service": Object {
              "days": Array [
                "everyday",
              ],
              "endDate": undefined,
              "id": "yearlong_everyday",
              "label": "Everyday Yearlong",
              "seasons": Array [
                "yearlong",
              ],
              "startDate": undefined,
            },
            "stopTimes":  {},
            "tripHeadsign": "San Francisco",
          },
        ],
      },
      "id": "paris",
      "mapbox": Object {
        "iconAtlas": "data/location-icon-atlas.png",
        "mapStyle": "mapbox://styles/mapbox/streets-v8",
        "mapboxApiAccessToken": "pk.eyJ1IjoiY2Fsb2NhbiIsImEiOiJjaXl1aXkxZjkwMG15MndxbmkxMHczNG50In0.07Zu3XXYijL6GJMuxFtvQg",
        "showCluster": "true",
        "viewport": Immutable.Map {
          "pitch": 40,
          "bearing": 0,
          "startDragLngLat": null,
          "isDragging": false,
          "latitude": 37,
          "longitude": -119,
          "zoom": 5,
        },
      },
      "travel": Object {
        "journeys": Object {
          "current": "1487635143780",
          "entries": Object {
            "journeys": Array [
              Object {
                "label": "Trip from Oakland To Truckee via Stockton",
                "locations": Object {
                  "localEnd": "1487636978561",
                  "localStart": "1487636046449",
                  "stopEnd": "1487636659567",
                  "stopStart": "1487636365510",
                  "wayPoints": Array [
                    "1487636173160",
                  ],
                },
                "route": "1487637354681",
              },
              Object {
                "label": "Trip from San Francisco to Los Angeles",
                "locations": Object {
                  "stopEnd": "1487639102048",
                  "stopStart": "1487638573082",
                },
                "route": "1487637354681",
              },
            ],
          },
          "history": Array [
            "1487635143780",
          ],
        },
        "locations": Array [
          Object {
            "label": "Near Home",
            "point": Object {
              "lat": 37.808706,
              "lon": -122.260369,
            },
            "resolvedAddress": "699 Bellevue Ave, Oakland, CA 94610",
            "searchTerm": "Children's Fairyland",
          },
          Object {
            "label": "Skiing",
            "point": Object {
              "lat": 39.274839,
              "lon": -120.120605,
            },
            "resolvedAddress": "Northstar California Resort, Northstar Drive, Truckee, CA",
            "searchTerm": "Northstar Resort",
          },
        ],
      },
    },
  },
  "settings": Object {
    "api": Object {
      "host": "localhost",
      "port": "3000",
      "protocol": "http",
      "root": "/graphql/",
    },
    "cycle": Object {
      "drivers": Object {
        "api": "HTTP",
      },
    },
    "domain": "localhost",
    "mapbox": Object {
      "iconAtlas": "data/location-icon-atlas.png",
      "mapboxApiAccessToken": "pk.eyJ1IjoiY2Fsb2NhbiIsImEiOiJjaXl1aXkxZjkwMG15MndxbmkxMHczNG50In0.07Zu3XXYijL6GJMuxFtvQg",
      "showCluster": "true",
    },
    "markers": Object {},
    "overpass": Object {
      "cellSize": 100,
      "sleepBetweenCalls": 1000,
    },
  },
}
`;
