// Jest Snapshot v1, https://goo.gl/fbAQLP

exports[`geospatialHelpers calculateDistance 1`] = `553.2865127744153`;
